 *******Job Finished************
 -----------Computational time----------------
 Total CPU time   3.2247440000000003     
 Grid points computing time   3.3999999999999309E-005
 Primitive quartet loop time   3.2246910000000000     
 CPU time for intracule integrations   1.8999999999991246E-005
 ---Primitive quartet time analysis-----------
 Reading .dm2p file-->  0.35989000000000282     
 1st primitive screening--> -0.74052700000009453     
 2nd primitive screening-->   1.5693830000000248     
 Grid points loop-->  0.28665799999993230     
 ---------------------------------------------
 ------Grid point + primitive quartet info----
 Original grid points           0
 Symmetry reduced grid points           0
 Total number of reduced grid points           0
 ---------------------------------------------
 --------------Accuracy check-----------------
 Sum of all DM2prim terms=   5.1891105766469385        83.482624524970007     
 Thresholds used for DM2prim   10.000000000000000        10.000000000000000     
 Threshold used for screenings(Tau)=   9.9999999999999998E-017
 Computed limit for the screenings   2.4630541871921180E-019
 ---------------------------------------------
INTRACULE AT ZERO =    1.5723569661213761E+00
