 *******Job Finished************
 -----------Computational time----------------
 Total CPU time   2.28955984    
 Grid points computing time   1.86821806    
 Primitive quartet loop time  0.421267033    
 CPU time for intracule integrations   7.48634338E-05
 ---Primitive quartet time analysis-----------
 Reading .dm2p file-->   1.49703026E-03
 1st primitive screening-->  -3.08823586E-03
 2nd primitive screening-->   8.71300697E-04
 Grid points loop-->  0.414582610    
 ---------------------------------------------
 ------Grid point + primitive quartet info----
 Original grid points        9900
 Symmetry reduced grid points        5130
 Total number of reduced grid points        5102
 ---------------------------------------------
 --------------Accuracy check-----------------
 Sum of all DM2prim terms=   14.568082367977475        17.352773362142422     
 Thresholds used for DM2prim   10.000000000000000        10.000000000000000     
 Threshold used for screenings(Tau)=   1.0000000000000000E-008
 Computed limit for the screenings   2.7777777777777777E-010
 ---------------------------------------------
 --------------RADIAL INTEGRAL----------------
 Number of centres           3
           1 :::   6.3181451716435533E-310   6.3181451716435533E-310   0.0000000000000000     
           2 :::  -5.2139986030049997E-016   0.0000000000000000        8.5151059172900005     
           3 :::   5.2139986030049997E-016  -0.0000000000000000       -8.5151059172900005     
 Weights for centres   2.0000000000000000        1.0000000000000000        1.0000000000000000     
 Alpha parameter   1.0000000000000000        1.0000000000000000        1.0000000000000000     
 Gauss-Legendre nodes          30          30          30
 Gauss-Lebedev nodes         110         110         110
 ---------------------------------------------
 ---------------Final result------------------
 Intrac_integration=   5.9971536041637288     
 Radial_integral error=  -2.8463958362712205E-003
