 *******Job Finished************
 -----------Computational time----------------
 Total CPU time   10.296763000000000     
 Grid points computing time  0.57034499999999999     
 Primitive quartet loop time   9.7263950000000001     
 CPU time for intracule integrations   2.3000000000550358E-005
 ---Primitive quartet time analysis-----------
 Reading .dm2p file-->  0.15340399999981535     
 1st primitive screening--> -0.32559300000012958     
 2nd primitive screening-->  0.12813400000001018     
 Grid points loop-->   9.0105049999999718     
 ---------------------------------------------
 ------Grid point + primitive quartet info----
 Original grid points        3300
 Symmetry reduced grid points        1830
 Total number of reduced grid points        1830
 ---------------------------------------------
 --------------Accuracy check-----------------
 Sum of all DM2prim terms=   5.1891105766469385        83.482624524970007     
 Thresholds used for DM2prim   10.000000000000000        10.000000000000000     
 Threshold used for screenings(Tau)=   1.0000000000000000E-008
 Computed limit for the screenings   2.4630541871921182E-011
 ---------------------------------------------
 --------------RADIAL INTEGRAL----------------
 Number of centres           1
           1 :::   4.6723168699495031E-310   0.0000000000000000        0.0000000000000000     
 Weights for centres   2.0000000000000000     
 Alpha parameter   1.0000000000000000     
 Gauss-Legendre nodes          30
 Gauss-Lebedev nodes         110
 ---------------------------------------------
INTRACULE AT ZERO =    1.5723569644144728E+00
TOTAL VALUE OF INTRACULE =    3.0000024525626960E+00
TOTAL VALUE OF Vee =    1.2666314609607197E+02
TOTAL Energy =   -7.4315661613155282E+00
 Radial_integral error=   2.4525626960425484E-006
