 *******Job Finished************
 -----------Computational time----------------
 Total CPU time   449.57564300000001     
 Grid points computing time   4.1140370000000006     
 Primitive quartet loop time   445.46094999999997     
 CPU time for intracule integrations   6.5599999999221836E-004
 ---Primitive quartet time analysis-----------
 Reading .dm2p file-->   4.9434999999905749E-002
 1st primitive screening--> -0.10295100000336266     
 2nd primitive screening-->  0.17231999999723424     
 Grid points loop-->   445.10056499999746     
 ---------------------------------------------
 ------Grid point + primitive quartet info----
 Original grid points      123900
 Symmetry reduced grid points       63210
 Total number of reduced grid points       60124
 ---------------------------------------------
 --------------Accuracy check-----------------
 Sum of all DM2prim terms=   33.703058128264622        23693.806767268470     
 Thresholds used for DM2prim   10.000000000000000        10.000000000000000     
 Threshold used for screenings(Tau)=   1.0000000000000000E-008
 Computed limit for the screenings   4.3290043290043294E-011
 ---------------------------------------------
 --------------RADIAL INTEGRAL----------------
 Number of centres           7
           1 :::   6.3853455703449877E-310   6.3853455703449877E-310   0.0000000000000000     
           2 :::   1.0942288841450001E-031  -1.4325769196900000        1.2014772028670000     
           3 :::  -1.0942288841450001E-031   1.4325769196900000       -1.2014772028670000     
           4 :::   1.7544007392299999E-016   1.4325769196900000        1.2014772028670000     
           5 :::  -1.7544007392299999E-016  -1.4325769196900000       -1.2014772028670000     
           6 :::   1.7544007392299987E-016   2.8651538393800000        0.0000000000000000     
           7 :::  -1.7544007392299987E-016  -2.8651538393800000       -0.0000000000000000     
 Weights for centres   3.0000000000000000        4.0000000000000000        4.0000000000000000        4.0000000000000000        4.0000000000000000       0.50000000000000000       0.50000000000000000     
 Alpha parameter   1.5000000000000000        1.5000000000000000        1.5000000000000000        1.5000000000000000        1.5000000000000000        1.5000000000000000        1.5000000000000000     
 Gauss-Legendre nodes          30          30          30          30          30          30          30
 Gauss-Lebedev nodes         590         590         590         590         590         590         590
 ---------------------------------------------
INTRACULE AT ZERO =    3.9655076860149386E+01
TOTAL VALUE OF INTRACULE =    4.4932701529440436E+01
TOTAL VALUE OF Vee =    4.9740497405635288E+03
TOTAL Energy =    0.0000000000000000E+00
 Radial_integral error=  -6.7298470559563839E-002
