 *******Job Finished************
 -----------Computational time----------------
 Total CPU time   3.2096870000000002     
 Grid points computing time   7.5080999999999995E-002
 Primitive quartet loop time   3.1337849999999996     
 CPU time for intracule integrations   8.2100000000018269E-004
 ---Primitive quartet time analysis-----------
 Reading .dm2p file-->   3.7639999999940638E-003
 1st primitive screening-->  -6.7560000000070758E-003
 2nd primitive screening-->   1.9009999999926308E-003
 Grid points loop-->   3.1184890000000030     
 ---------------------------------------------
 ------Grid point + primitive quartet info----
 Original grid points           0
 Symmetry reduced grid points       21120
 Total number of reduced grid points           0
 ---------------------------------------------
 --------------Accuracy check-----------------
 Sum of all DM2prim terms=   14.568082367977475        17.352773362142422     
 Thresholds used for DM2prim   10.000000000000000        10.000000000000000     
 Threshold used for screenings(Tau)=   1.0000000000000000E-008
 Computed limit for the screenings   2.7777777777777777E-010
 ---------------------------------------------
 RADIAL PLOT, I(S) vs s
 Number of distances         192
 From   0.0000000000000000      to   12.000000000000000     
