 *******Job Finished************
 -----------Computational time----------------
 Total CPU time   67.396254999999996     
 Grid points computing time   2.0460519999999995     
 Primitive quartet loop time   65.350050999999993     
 CPU time for intracule integrations   1.5199999999992997E-004
 ---Primitive quartet time analysis-----------
 Reading .dm2p file-->  0.14830499999945879     
 1st primitive screening--> -0.30210100000029794     
 2nd primitive screening-->  0.10719899999911764     
 Grid points loop-->   64.688617000000363     
 ---------------------------------------------
 ------Grid point + primitive quartet info----
 Original grid points       29500
 Symmetry reduced grid points       15450
 Total number of reduced grid points       15450
 ---------------------------------------------
 --------------Accuracy check-----------------
 Sum of all DM2prim terms=   5.1891105766469385        83.482624524970007     
 Thresholds used for DM2prim   10.000000000000000        10.000000000000000     
 Threshold used for screenings(Tau)=   1.0000000000000000E-008
 Computed limit for the screenings   2.4630541871921182E-011
 ---------------------------------------------
 --------------RADIAL INTEGRAL----------------
 Number of centres           1
           1 :::   0.0000000000000000        0.0000000000000000        0.0000000000000000     
 Weights for centres   1.2671321245154166E-313
 Alpha parameter   1.0000000000000000     
 Gauss-Legendre nodes          50
 Gauss-Lebedev nodes         590
 ---------------------------------------------
INTRACULE AT ZERO =    1.5723569644144728E+00
TOTAL VALUE OF INTRACULE =    3.0000000107134173E+00
TOTAL VALUE OF Vee =    1.2671412467011601E+02
TOTAL Energy =   -7.4315661613155282E+00
 Radial_integral error=   1.0713417264440750E-008
