 *******Job Finished************
 -----------Computational time----------------
 Total CPU time   39.7442131    
 Grid points computing time   4.07100022E-02
 Primitive quartet loop time   39.7029877    
 CPU time for intracule integrations   5.14984131E-04
 ---Primitive quartet time analysis-----------
 Reading .dm2p file-->   3.87137085E-02
 1st primitive screening-->  -7.92128444E-02
 2nd primitive screening-->  0.144801080    
 Grid points loop-->   38.6586723    
 ---------------------------------------------
 ------Grid point + primitive quartet info----
 Original grid points           0
 Symmetry reduced grid points        5051
 Total number of reduced grid points           0
 ---------------------------------------------
 --------------Accuracy check-----------------
 Sum of all DM2prim terms=   33.703058128264622        23693.806767268470     
 Thresholds used for DM2prim   10.000000000000000        10.000000000000000     
 Threshold used for screenings(Tau)=   1.0000000000000000E-008
 Computed limit for the screenings   4.3290043290043294E-011
 ---------------------------------------------
 RADIAL PLOT, I(S) vs s
 Number of distances          82
 From   0.0000000000000000      to   6.0000000000000000     
