 *******Job Finished************
 -----------Computational time----------------
 Total CPU time   70.666781000000000     
 Grid points computing time   7.4687000000000003E-002
 Primitive quartet loop time   70.591681999999992     
 CPU time for intracule integrations   4.1200000001140324E-004
 ---Primitive quartet time analysis-----------
 Reading .dm2p file-->   4.1982999999340007E-002
 1st primitive screening-->  -7.8407000000393121E-002
 2nd primitive screening-->  0.14944499999969918     
 Grid points loop-->   70.272988999999498     
 ---------------------------------------------
 ------Grid point + primitive quartet info----
 Original grid points           0
 Symmetry reduced grid points        9020
 Total number of reduced grid points           0
 ---------------------------------------------
 --------------Accuracy check-----------------
 Sum of all DM2prim terms=   33.703058128264622        23693.806767268470     
 Thresholds used for DM2prim   10.000000000000000        10.000000000000000     
 Threshold used for screenings(Tau)=   1.0000000000000000E-008
 Computed limit for the screenings   4.3290043290043294E-011
 ---------------------------------------------
 RADIAL PLOT, I(S) vs s
 Number of distances          82
 From   0.0000000000000000      to   6.0000000000000000     
