 *******Job Finished************
 -----------Computational time----------------
 Total CPU time   17.808872999999998     
 Grid points computing time   1.0795299999999999     
 Primitive quartet loop time   16.729309000000001     
 CPU time for intracule integrations   3.3999999999423380E-005
 ---Primitive quartet time analysis-----------
 Reading .dm2p file-->   4.0704999999865432E-002
 1st primitive screening-->  -7.7569999999970163E-002
 2nd primitive screening-->  0.14075299999981983     
 Grid points loop-->   16.441665000000320     
 ---------------------------------------------
 ------Grid point + primitive quartet info----
 Original grid points        6020
 Symmetry reduced grid points        3190
 Total number of reduced grid points        3092
 ---------------------------------------------
 --------------Accuracy check-----------------
 Sum of all DM2prim terms=   33.703058128264622        23693.806767268470     
 Thresholds used for DM2prim   10.000000000000000        10.000000000000000     
 Threshold used for screenings(Tau)=   1.0000000000000000E-008
 Computed limit for the screenings   4.3290043290043294E-011
 ---------------------------------------------
 --------------RADIAL INTEGRAL----------------
 Number of centres           7
           1 :::   6.1981996590657883E-310   6.1981996590657883E-310   0.0000000000000000     
           2 :::   1.0942288841450001E-031  -1.4325769196900000        1.2014772028670000     
           3 :::  -1.0942288841450001E-031   1.4325769196900000       -1.2014772028670000     
           4 :::   1.7544007392299999E-016   1.4325769196900000        1.2014772028670000     
           5 :::  -1.7544007392299999E-016  -1.4325769196900000       -1.2014772028670000     
           6 :::   1.7544007392299987E-016   2.8651538393800000        0.0000000000000000     
           7 :::  -1.7544007392299987E-016  -2.8651538393800000       -0.0000000000000000     
 Weights for centres   1.0000000000000000        1.0000000000000000        1.0000000000000000        1.0000000000000000        1.0000000000000000        1.0000000000000000        1.0000000000000000     
 Alpha parameter   1.0000000000000000        1.0000000000000000        1.0000000000000000        1.0000000000000000        1.0000000000000000        1.0000000000000000        1.0000000000000000     
 Gauss-Legendre nodes          10          10          10          10          10          10          10
 Gauss-Lebedev nodes          86          86          86          86          86          86          86
 ---------------------------------------------
INTRACULE AT ZERO =    0.0000000000000000E+00
TOTAL VALUE OF INTRACULE =    4.4942860153280769E+01
TOTAL VALUE OF Vee =    2.8169534031708929E+04
TOTAL Energy =    0.0000000000000000E+00
 Radial_integral error=  -5.7139846719231002E-002
