 *******Job Finished************
 -----------Computational time----------------
 Total CPU time   291.27873200000005     
 Grid points computing time   4.1076299999999994     
 Primitive quartet loop time   287.17052200000001     
 CPU time for intracule integrations   5.8000000001356966E-004
 ---Primitive quartet time analysis-----------
 Reading .dm2p file-->   4.4763000000824782E-002
 1st primitive screening-->  -9.6902000003050937E-002
 2nd primitive screening-->  0.15894199999591585     
 Grid points loop-->   286.83902600000232     
 ---------------------------------------------
 ------Grid point + primitive quartet info----
 Original grid points      123900
 Symmetry reduced grid points       63210
 Total number of reduced grid points       57478
 ---------------------------------------------
 --------------Accuracy check-----------------
 Sum of all DM2prim terms=   33.703058128264622        23693.806767268470     
 Thresholds used for DM2prim   10.000000000000000        10.000000000000000     
 Threshold used for screenings(Tau)=   1.0000000000000000E-008
 Computed limit for the screenings   4.3290043290043294E-011
 ---------------------------------------------
 --------------RADIAL INTEGRAL----------------
 Number of centres           7
           1 :::   6.5591250085319517E-310   6.5591250085319517E-310   0.0000000000000000     
           2 :::   1.0942288841450001E-031  -1.4325769196900000        1.2014772028670000     
           3 :::  -1.0942288841450001E-031   1.4325769196900000       -1.2014772028670000     
           4 :::   1.7544007392299999E-016   1.4325769196900000        1.2014772028670000     
           5 :::  -1.7544007392299999E-016  -1.4325769196900000       -1.2014772028670000     
           6 :::   1.7544007392299987E-016   2.8651538393800000        0.0000000000000000     
           7 :::  -1.7544007392299987E-016  -2.8651538393800000       -0.0000000000000000     
 Weights for centres   3.0000000000000000        1.0000000000000000        1.0000000000000000        1.0000000000000000        1.0000000000000000        1.0000000000000000        1.0000000000000000     
 Alpha parameter   1.5000000000000000        1.5000000000000000        1.5000000000000000        1.5000000000000000        1.5000000000000000        1.5000000000000000        1.5000000000000000     
 Gauss-Legendre nodes          30          30          30          30          30          30          30
 Gauss-Lebedev nodes         590         590         590         590         590         590         590
 ---------------------------------------------
INTRACULE AT ZERO =    0.0000000000000000E+00
TOTAL VALUE OF INTRACULE =    4.5002240466281101E+01
TOTAL VALUE OF Vee =    1.9134642123427936E+03
TOTAL Energy =    0.0000000000000000E+00
 Radial_integral error=   2.2404662811013054E-003
