 *******Job Finished************
 -----------Computational time----------------
 Total CPU time   3.2940900000000002     
 Grid points computing time   1.1999999999999511E-004
 Primitive quartet loop time   3.2939510000000003     
 CPU time for intracule integrations   1.8999999999991246E-005
 ---Primitive quartet time analysis-----------
 Reading .dm2p file-->  0.37577299999996572     
 1st primitive screening--> -0.74959299999993489     
 2nd primitive screening-->   1.6567970000000938     
 Grid points loop-->  0.24806799999997170     
 ---------------------------------------------
 ------Grid point + primitive quartet info----
 Original grid points           0
 Symmetry reduced grid points           0
 Total number of reduced grid points           0
 ---------------------------------------------
 --------------Accuracy check-----------------
 Sum of all DM2prim terms=   5.1891105766469385        83.482624524970007     
 Thresholds used for DM2prim   10.000000000000000        10.000000000000000     
 Threshold used for screenings(Tau)=   9.9999999999999998E-017
 Computed limit for the screenings   2.4630541871921180E-019
 ---------------------------------------------
INTRACULE AT ZERO =    1.5723569661213761E+00
